// Jest Snapshot v1, https://goo.gl/fbAQLP

exports[`#sprockets/sprockets/error-summary <Sprocket /> With additional props renders 1`] = `null`;

exports[`#sprockets/sprockets/error-summary <Sprocket /> With required props renders 1`] = `null`;
