// Jest Snapshot v1, https://goo.gl/fbAQLP

exports[`shinkansen-sprockets/components/title/fieldset <Title /> With additional props renders 1`] = `null`;

exports[`shinkansen-sprockets/components/title/fieldset <Title /> With required props renders 1`] = `null`;
