// Jest Snapshot v1, https://goo.gl/fbAQLP

exports[`#sprockets/components/description <Description /> With additional props renders 1`] = `
<span
  className="description"
>
  <span
    className="text-content"
  >
    MOCK DESCRIPTION
  </span>
</span>
`;

exports[`#sprockets/components/description <Description /> With required props renders 1`] = `null`;
