// Jest Snapshot v1, https://goo.gl/fbAQLP

exports[`#sprockets/fieldset <Sprocket /> With additional props renders 1`] = `
<div
  className="MOCK CLASSNAME"
/>
`;

exports[`#sprockets/fieldset <Sprocket /> With required props renders 1`] = `
<div
  className="MOCK CLASSNAME"
/>
`;
