// Jest Snapshot v1, https://goo.gl/fbAQLP

exports[`#sprockets/sprockets/check-answers/title <Title /> With additional props renders 1`] = `
<h2
  className="MOCK CLASSNAME"
>
  MOCK RENDER CONTENT
</h2>
`;

exports[`#sprockets/sprockets/check-answers/title <Title /> With required props renders 1`] = `null`;
