// Jest Snapshot v1, https://goo.gl/fbAQLP

exports[`shinkansen-sprockets/components/label/fieldset <Label /> With additional props renders 1`] = `null`;

exports[`shinkansen-sprockets/components/label/fieldset <Label /> With required props renders 1`] = `null`;
