// Jest Snapshot v1, https://goo.gl/fbAQLP

exports[`#sprockets <Sprocket /> With additional props renders 1`] = `
<div
  className="sprocket"
/>
`;

exports[`#sprockets <Sprocket /> With required props renders 1`] = `
<div
  className="sprocket"
/>
`;
