// Jest Snapshot v1, https://goo.gl/fbAQLP

exports[`#components/title/check-answers <Title /> With additional props renders 1`] = `
<h2
  className="MOCK CLASSNAME"
>
  MOCK RENDER CONTENT
</h2>
`;

exports[`#components/title/check-answers <Title /> With required props renders 1`] = `null`;
