// Jest Snapshot v1, https://goo.gl/fbAQLP

exports[`shinkansen-sprockets/sprockets/table <Sprocket /> With additional props renders 1`] = `null`;

exports[`shinkansen-sprockets/sprockets/table <Sprocket /> With required props renders 1`] = `null`;
